V3 13
FL C:/EDK_Trial_3/pcores/vga_control_v1_00_a/devl/projnav/ipcore_dir/AlphaBlendingMultiplier.vhd 2010/08/07.21:23:52 L.70
EN work/AlphaBlendingMultiplier 1282561314 \
      FL C:/EDK_Trial_3/pcores/vga_control_v1_00_a/devl/projnav/ipcore_dir/AlphaBlendingMultiplier.vhd \
      PB ieee/std_logic_1164 1251183421
AR work/AlphaBlendingMultiplier/AlphaBlendingMultiplier_a 1282561315 \
      FL C:/EDK_Trial_3/pcores/vga_control_v1_00_a/devl/projnav/ipcore_dir/AlphaBlendingMultiplier.vhd \
      EN work/AlphaBlendingMultiplier 1282561314
FL C:/EDK_Trial_3/pcores/vga_control_v1_00_a/devl/projnav/ipcore_dir/CopperEffect.vhd 2010/04/10.21:42:14 L.70
EN work/CopperEffect 1282561318 \
      FL C:/EDK_Trial_3/pcores/vga_control_v1_00_a/devl/projnav/ipcore_dir/CopperEffect.vhd \
      PB ieee/std_logic_1164 1251183421
AR work/CopperEffect/CopperEffect_a 1282561319 \
      FL C:/EDK_Trial_3/pcores/vga_control_v1_00_a/devl/projnav/ipcore_dir/CopperEffect.vhd \
      EN work/CopperEffect 1282561318
FL C:/EDK_Trial_3/pcores/vga_control_v1_00_a/devl/projnav/ipcore_dir/CopperMemory.vhd 2010/04/10.21:44:34 L.70
EN work/CopperMemory 1282561316 \
      FL C:/EDK_Trial_3/pcores/vga_control_v1_00_a/devl/projnav/ipcore_dir/CopperMemory.vhd \
      PB ieee/std_logic_1164 1251183421
AR work/CopperMemory/CopperMemory_a 1282561317 \
      FL C:/EDK_Trial_3/pcores/vga_control_v1_00_a/devl/projnav/ipcore_dir/CopperMemory.vhd \
      EN work/CopperMemory 1282561316
FL C:/Projects/EDK_Trial_3/pcores/vga_control_v1_00_a/devl/projnav/ipcore_dir/AlphaBlendingMultiplier.vhd 2010/02/22.18:53:00 L.70
FL C:/Projects/Original/EDK_Trial_3/pcores/vga_control_v1_00_a/devl/projnav/ipcore_dir/AlphaBlendingMultiplier.vhd 2010/02/22.19:53:02 L.70
FL C:/Projects/Original/EDK_Trial_3/pcores/vga_control_v1_00_a/devl/projnav/ipcore_dir/CopperEffect.vhd 2010/04/10.21:42:12 L.70
FL C:/Projects/Original/EDK_Trial_3/pcores/vga_control_v1_00_a/devl/projnav/ipcore_dir/CopperMemory.vhd 2010/04/10.21:44:33 L.70
