V3 34
FL C:/Xilinx/11.1/EDK/hw/XilinxProcessorIPLib/pcores/proc_common_v3_00_a/hdl/vhdl/counter_f.vhd 2008/01/18.00:12:37 L.70
EN proc_common_v3_00_a/counter_f 1282510317 \
      FL C:/Xilinx/11.1/EDK/hw/XilinxProcessorIPLib/pcores/proc_common_v3_00_a/hdl/vhdl/counter_f.vhd \
      PB ieee/std_logic_1164 1251183421 PB ieee/NUMERIC_STD 1251183422 LB unisim \
      LB proc_common_v3_00_a PB proc_common_v3_00_a/family_support 1282510316
AR proc_common_v3_00_a/counter_f/imp 1282510318 \
      FL C:/Xilinx/11.1/EDK/hw/XilinxProcessorIPLib/pcores/proc_common_v3_00_a/hdl/vhdl/counter_f.vhd \
      EN proc_common_v3_00_a/counter_f 1282510317 CP std_logic_vector CP std_logic \
      CP MUXCY_L CP XORCY CP FDRE CP unsigned
FL C:/Xilinx/11.1/EDK/hw/XilinxProcessorIPLib/pcores/proc_common_v3_00_a/hdl/vhdl/family_support.vhd 2009/04/29.01:39:35 L.70
PH proc_common_v3_00_a/family_support 1282510315 \
      FL C:/Xilinx/11.1/EDK/hw/XilinxProcessorIPLib/pcores/proc_common_v3_00_a/hdl/vhdl/family_support.vhd
PB proc_common_v3_00_a/family_support 1282510316 \
      FL C:/Xilinx/11.1/EDK/hw/XilinxProcessorIPLib/pcores/proc_common_v3_00_a/hdl/vhdl/family_support.vhd \
      PH proc_common_v3_00_a/family_support 1282510315
FL C:/Xilinx/11.1/EDK/hw/XilinxProcessorIPLib/pcores/proc_common_v3_00_a/hdl/vhdl/ipif_pkg.vhd 2008/01/18.00:12:37 L.70
PH proc_common_v3_00_a/ipif_pkg 1282510323 \
      FL C:/Xilinx/11.1/EDK/hw/XilinxProcessorIPLib/pcores/proc_common_v3_00_a/hdl/vhdl/ipif_pkg.vhd \
      PB ieee/std_logic_1164 1251183421 PB ieee/std_logic_arith 1251183422 \
      PB ieee/STD_LOGIC_UNSIGNED 1251183423
PB proc_common_v3_00_a/ipif_pkg 1282510324 \
      FL C:/Xilinx/11.1/EDK/hw/XilinxProcessorIPLib/pcores/proc_common_v3_00_a/hdl/vhdl/ipif_pkg.vhd \
      PH proc_common_v3_00_a/ipif_pkg 1282510323 LB proc_common_v3_00_a \
      PB proc_common_v3_00_a/proc_common_pkg 1282561313
FL C:/Xilinx/11.1/EDK/hw/XilinxProcessorIPLib/pcores/proc_common_v3_00_a/hdl/vhdl/or_gate128.vhd 2008/01/18.00:12:37 L.70
EN proc_common_v3_00_a/or_gate128 1282510321 \
      FL C:/Xilinx/11.1/EDK/hw/XilinxProcessorIPLib/pcores/proc_common_v3_00_a/hdl/vhdl/or_gate128.vhd \
      PB ieee/std_logic_1164 1251183421 PB ieee/std_logic_arith 1251183422 \
      PB ieee/STD_LOGIC_UNSIGNED 1251183423 LB proc_common_v3_00_a
AR proc_common_v3_00_a/or_gate128/imp 1282510322 \
      FL C:/Xilinx/11.1/EDK/hw/XilinxProcessorIPLib/pcores/proc_common_v3_00_a/hdl/vhdl/or_gate128.vhd \
      EN proc_common_v3_00_a/or_gate128 1282510321 CP std_logic_vector CP or_muxcy
FL C:/Xilinx/11.1/EDK/hw/XilinxProcessorIPLib/pcores/proc_common_v3_00_a/hdl/vhdl/or_muxcy.vhd 2008/01/18.00:12:37 L.70
EN proc_common_v3_00_a/or_muxcy 1282510313 \
      FL C:/Xilinx/11.1/EDK/hw/XilinxProcessorIPLib/pcores/proc_common_v3_00_a/hdl/vhdl/or_muxcy.vhd \
      PB ieee/std_logic_1164 1251183421 LB unisim
AR proc_common_v3_00_a/or_muxcy/implementation 1282510314 \
      FL C:/Xilinx/11.1/EDK/hw/XilinxProcessorIPLib/pcores/proc_common_v3_00_a/hdl/vhdl/or_muxcy.vhd \
      EN proc_common_v3_00_a/or_muxcy 1282510313 CP std_logic_vector CP MUXCY
FL C:/Xilinx/11.1/EDK/hw/XilinxProcessorIPLib/pcores/proc_common_v3_00_a/hdl/vhdl/proc_common_pkg.vhd 2009/05/09.00:33:36 L.70
PH proc_common_v3_00_a/proc_common_pkg 1282561312 \
      FL C:/Xilinx/11.1/EDK/hw/XilinxProcessorIPLib/pcores/proc_common_v3_00_a/hdl/vhdl/proc_common_pkg.vhd \
      PB ieee/std_logic_1164 1251183421 PB ieee/std_logic_arith 1251183422 \
      PB ieee/STD_LOGIC_UNSIGNED 1251183423
PB proc_common_v3_00_a/proc_common_pkg 1282561313 \
      FL C:/Xilinx/11.1/EDK/hw/XilinxProcessorIPLib/pcores/proc_common_v3_00_a/hdl/vhdl/proc_common_pkg.vhd \
      PH proc_common_v3_00_a/proc_common_pkg 1282561312
FL C:/Xilinx/11.1/EDK/hw/XilinxProcessorIPLib/pcores/proc_common_v3_00_a/hdl/vhdl/pselect_f.vhd 2008/01/18.00:12:37 L.70
EN proc_common_v3_00_a/pselect_f 1282510319 \
      FL C:/Xilinx/11.1/EDK/hw/XilinxProcessorIPLib/pcores/proc_common_v3_00_a/hdl/vhdl/pselect_f.vhd \
      PB ieee/std_logic_1164 1251183421 LB unisim LB proc_common_v3_00_a \
      PB proc_common_v3_00_a/family_support 1282510316
AR proc_common_v3_00_a/pselect_f/imp 1282510320 \
      FL C:/Xilinx/11.1/EDK/hw/XilinxProcessorIPLib/pcores/proc_common_v3_00_a/hdl/vhdl/pselect_f.vhd \
      EN proc_common_v3_00_a/pselect_f 1282510319 CP integer CP std_logic_vector \
      CP natural CP positive CP MUXCY
